
> cobro-backend@0.1.0 start:dev
> nest start --watch

[2J[3J[H[[90m7:09:18 p. m.[0m] Starting compilation in watch mode...

[[90m7:09:21 p. m.[0m] Found 0 errors. Watching for file changes.

[32m[Nest] 1924  - [39m17/08/2026, 7:09:25 p. m. [32m    LOG[39m [38;5;3m[NestFactory] [39m[32mStarting Nest application...[39m
[32m[Nest] 1924  - [39m17/08/2026, 7:09:25 p. m. [32m    LOG[39m [38;5;3m[InstanceLoader] [39m[32mAppModule dependencies initialized[39m[38;5;3m +25ms[39m
[32m[Nest] 1924  - [39m17/08/2026, 7:09:25 p. m. [32m    LOG[39m [38;5;3m[InstanceLoader] [39m[32mPrismaModule dependencies initialized[39m[38;5;3m +30ms[39m
[32m[Nest] 1924  - [39m17/08/2026, 7:09:25 p. m. [32m    LOG[39m [38;5;3m[InstanceLoader] [39m[32mConfigHostModule dependencies initialized[39m[38;5;3m +37ms[39m
[32m[Nest] 1924  - [39m17/08/2026, 7:09:25 p. m. [32m    LOG[39m [38;5;3m[InstanceLoader] [39m[32mHealthModule dependencies initialized[39m[38;5;3m +7ms[39m
[32m[Nest] 1924  - [39m17/08/2026, 7:09:25 p. m. [32m    LOG[39m [38;5;3m[InstanceLoader] [39m[32mConfigModule dependencies initialized[39m[38;5;3m +15ms[39m
[32m[Nest] 1924  - [39m17/08/2026, 7:09:25 p. m. [32m    LOG[39m [38;5;3m[InstanceLoader] [39m[32mCobrosModule dependencies initialized[39m[38;5;3m +23ms[39m
[32m[Nest] 1924  - [39m17/08/2026, 7:09:25 p. m. [32m    LOG[39m [38;5;3m[RoutesResolver] [39m[32mHealthController {/api/v1/health}:[39m[38;5;3m +22ms[39m
[32m[Nest] 1924  - [39m17/08/2026, 7:09:25 p. m. [32m    LOG[39m [38;5;3m[RouterExplorer] [39m[32mMapped {/api/v1/health, GET} route[39m[38;5;3m +6ms[39m
[32m[Nest] 1924  - [39m17/08/2026, 7:09:25 p. m. [32m    LOG[39m [38;5;3m[RoutesResolver] [39m[32mCobrosController {/api/v1}:[39m[38;5;3m +4ms[39m
[32m[Nest] 1924  - [39m17/08/2026, 7:09:25 p. m. [32m    LOG[39m [38;5;3m[RouterExplorer] [39m[32mMapped {/api/v1/catalogos, GET} route[39m[38;5;3m +1ms[39m
[32m[Nest] 1924  - [39m17/08/2026, 7:09:25 p. m. [32m    LOG[39m [38;5;3m[RouterExplorer] [39m[32mMapped {/api/v1/clientes, GET} route[39m[38;5;3m +1ms[39m
[32m[Nest] 1924  - [39m17/08/2026, 7:09:25 p. m. [32m    LOG[39m [38;5;3m[RouterExplorer] [39m[32mMapped {/api/v1/clientes, POST} route[39m[38;5;3m +8ms[39m
[32m[Nest] 1924  - [39m17/08/2026, 7:09:25 p. m. [32m    LOG[39m [38;5;3m[RouterExplorer] [39m[32mMapped {/api/v1/rutas, GET} route[39m[38;5;3m +4ms[39m
[32m[Nest] 1924  - [39m17/08/2026, 7:09:25 p. m. [32m    LOG[39m [38;5;3m[RouterExplorer] [39m[32mMapped {/api/v1/cobros/ruta, GET} route[39m[38;5;3m +1ms[39m
[32m[Nest] 1924  - [39m17/08/2026, 7:09:25 p. m. [32m    LOG[39m [38;5;3m[RouterExplorer] [39m[32mMapped {/api/v1/creditos, POST} route[39m[38;5;3m +1ms[39m
[32m[Nest] 1924  - [39m17/08/2026, 7:09:25 p. m. [32m    LOG[39m [38;5;3m[RouterExplorer] [39m[32mMapped {/api/v1/creditos/:id, GET} route[39m[38;5;3m +1ms[39m
[32m[Nest] 1924  - [39m17/08/2026, 7:09:25 p. m. [32m    LOG[39m [38;5;3m[RouterExplorer] [39m[32mMapped {/api/v1/creditos/:id/cuotas, GET} route[39m[38;5;3m +1ms[39m
[32m[Nest] 1924  - [39m17/08/2026, 7:09:25 p. m. [32m    LOG[39m [38;5;3m[RouterExplorer] [39m[32mMapped {/api/v1/pagos, POST} route[39m[38;5;3m +0ms[39m
[32m[Nest] 1924  - [39m17/08/2026, 7:09:25 p. m. [32m    LOG[39m [38;5;3m[RouterExplorer] [39m[32mMapped {/api/v1/caja-menor/movimientos, GET} route[39m[38;5;3m +1ms[39m
[32m[Nest] 1924  - [39m17/08/2026, 7:09:25 p. m. [32m    LOG[39m [38;5;3m[RouterExplorer] [39m[32mMapped {/api/v1/caja-menor/movimientos, POST} route[39m[38;5;3m +1ms[39m
[32m[Nest] 1924  - [39m17/08/2026, 7:09:25 p. m. [32m    LOG[39m [38;5;3m[RouterExplorer] [39m[32mMapped {/api/v1/presupuesto, GET} route[39m[38;5;3m +0ms[39m
[32m[Nest] 1924  - [39m17/08/2026, 7:09:25 p. m. [32m    LOG[39m [38;5;3m[NestApplication] [39m[32mNest application successfully started[39m[38;5;3m +61ms[39m
[2J[3J[H[[90m7:11:49 p. m.[0m] File change detected. Starting incremental compilation...

[[90m7:11:50 p. m.[0m] Found 0 errors. Watching for file changes.

[2J[3J[H[[90m7:11:51 p. m.[0m] File change detected. Starting incremental compilation...

[32m[Nest] 31508  - [39m17/08/2026, 7:11:52 p. m. [32m    LOG[39m [38;5;3m[NestFactory] [39m[32mStarting Nest application...[39m
[32m[Nest] 31508  - [39m17/08/2026, 7:11:52 p. m. [32m    LOG[39m [38;5;3m[InstanceLoader] [39m[32mAppModule dependencies initialized[39m[38;5;3m +24ms[39m
[32m[Nest] 31508  - [39m17/08/2026, 7:11:52 p. m. [32m    LOG[39m [38;5;3m[InstanceLoader] [39m[32mPrismaModule dependencies initialized[39m[38;5;3m +1ms[39m
[32m[Nest] 31508  - [39m17/08/2026, 7:11:52 p. m. [32m    LOG[39m [38;5;3m[InstanceLoader] [39m[32mConfigHostModule dependencies initialized[39m[38;5;3m +147ms[39m
[32m[Nest] 31508  - [39m17/08/2026, 7:11:52 p. m. [32m    LOG[39m [38;5;3m[InstanceLoader] [39m[32mHealthModule dependencies initialized[39m[38;5;3m +0ms[39m
[32m[Nest] 31508  - [39m17/08/2026, 7:11:52 p. m. [32m    LOG[39m [38;5;3m[InstanceLoader] [39m[32mConfigModule dependencies initialized[39m[38;5;3m +1ms[39m
[32m[Nest] 31508  - [39m17/08/2026, 7:11:52 p. m. [32m    LOG[39m [38;5;3m[InstanceLoader] [39m[32mCobrosModule dependencies initialized[39m[38;5;3m +0ms[39m
[32m[Nest] 31508  - [39m17/08/2026, 7:11:52 p. m. [32m    LOG[39m [38;5;3m[RoutesResolver] [39m[32mHealthController {/api/v1/health}:[39m[38;5;3m +8ms[39m
[32m[Nest] 31508  - [39m17/08/2026, 7:11:52 p. m. [32m    LOG[39m [38;5;3m[RouterExplorer] [39m[32mMapped {/api/v1/health, GET} route[39m[38;5;3m +4ms[39m
[32m[Nest] 31508  - [39m17/08/2026, 7:11:52 p. m. [32m    LOG[39m [38;5;3m[RoutesResolver] [39m[32mCobrosController {/api/v1}:[39m[38;5;3m +0ms[39m
[32m[Nest] 31508  - [39m17/08/2026, 7:11:52 p. m. [32m    LOG[39m [38;5;3m[RouterExplorer] [39m[32mMapped {/api/v1/catalogos, GET} route[39m[38;5;3m +1ms[39m
[32m[Nest] 31508  - [39m17/08/2026, 7:11:52 p. m. [32m    LOG[39m [38;5;3m[RouterExplorer] [39m[32mMapped {/api/v1/clientes, GET} route[39m[38;5;3m +1ms[39m
[32m[Nest] 31508  - [39m17/08/2026, 7:11:52 p. m. [32m    LOG[39m [38;5;3m[RouterExplorer] [39m[32mMapped {/api/v1/clientes, POST} route[39m[38;5;3m +0ms[39m
[32m[Nest] 31508  - [39m17/08/2026, 7:11:52 p. m. [32m    LOG[39m [38;5;3m[RouterExplorer] [39m[32mMapped {/api/v1/rutas, GET} route[39m[38;5;3m +1ms[39m
[32m[Nest] 31508  - [39m17/08/2026, 7:11:52 p. m. [32m    LOG[39m [38;5;3m[RouterExplorer] [39m[32mMapped {/api/v1/cobros/ruta, GET} route[39m[38;5;3m +0ms[39m
[32m[Nest] 31508  - [39m17/08/2026, 7:11:52 p. m. [32m    LOG[39m [38;5;3m[RouterExplorer] [39m[32mMapped {/api/v1/creditos, POST} route[39m[38;5;3m +1ms[39m
[32m[Nest] 31508  - [39m17/08/2026, 7:11:52 p. m. [32m    LOG[39m [38;5;3m[RouterExplorer] [39m[32mMapped {/api/v1/creditos/:id, GET} route[39m[38;5;3m +1ms[39m
[32m[Nest] 31508  - [39m17/08/2026, 7:11:52 p. m. [32m    LOG[39m [38;5;3m[RouterExplorer] [39m[32mMapped {/api/v1/creditos/:id/cuotas, GET} route[39m[38;5;3m +1ms[39m
[32m[Nest] 31508  - [39m17/08/2026, 7:11:52 p. m. [32m    LOG[39m [38;5;3m[RouterExplorer] [39m[32mMapped {/api/v1/pagos, POST} route[39m[38;5;3m +0ms[39m
[32m[Nest] 31508  - [39m17/08/2026, 7:11:52 p. m. [32m    LOG[39m [38;5;3m[RouterExplorer] [39m[32mMapped {/api/v1/caja-menor/movimientos, GET} route[39m[38;5;3m +1ms[39m
[32m[Nest] 31508  - [39m17/08/2026, 7:11:52 p. m. [32m    LOG[39m [38;5;3m[RouterExplorer] [39m[32mMapped {/api/v1/caja-menor/movimientos, POST} route[39m[38;5;3m +1ms[39m
[32m[Nest] 31508  - [39m17/08/2026, 7:11:52 p. m. [32m    LOG[39m [38;5;3m[RouterExplorer] [39m[32mMapped {/api/v1/presupuesto, GET} route[39m[38;5;3m +0ms[39m
[32m[Nest] 31508  - [39m17/08/2026, 7:11:52 p. m. [32m    LOG[39m [38;5;3m[NestApplication] [39m[32mNest application successfully started[39m[38;5;3m +35ms[39m
