[31m[Nest] 23276  - [39m17/08/2026, 7:12:50 p. m. [31m  ERROR[39m [38;5;3m[ExceptionsHandler] [39mPrismaClientKnownRequestError: 
Invalid `this.prisma.frecuenciaPago.findMany()` invocation in
C:\Users\yasuy\Documents\githup\cobro\backend\src\modules\cobros\cobros.service.ts:129:34

  126   usuarios,
  127 ] = await Promise.all([
  128   this.prisma.moneda.findMany({ orderBy: { codigoMoneda: 'asc' } }),
→ 129   this.prisma.frecuenciaPago.findMany(
The table `public.frecuencia_pago` does not exist in the current database.
    at ei.handleRequestError [90m(C:\Users\yasuy\Documents\githup\cobro\backend\[39mnode_modules\[4m@prisma\client[24m\src\runtime\RequestHandler.ts:228:13[90m)[39m
    at ei.handleAndLogRequestError [90m(C:\Users\yasuy\Documents\githup\cobro\backend\[39mnode_modules\[4m@prisma\client[24m\src\runtime\RequestHandler.ts:174:12[90m)[39m
    at ei.request [90m(C:\Users\yasuy\Documents\githup\cobro\backend\[39mnode_modules\[4m@prisma\client[24m\src\runtime\RequestHandler.ts:143:12[90m)[39m
    at async a [90m(C:\Users\yasuy\Documents\githup\cobro\backend\[39mnode_modules\[4m@prisma\client[24m\src\runtime\getPrismaClient.ts:833:24[90m)[39m
    at async Promise.all (index 1)
    at async CobrosService.obtenerCatalogos [90m(C:\Users\yasuy\Documents\githup\cobro\backend\[39msrc\modules\cobros\cobros.service.ts:127:9[90m)[39m
    at async [90mC:\Users\yasuy\Documents\githup\cobro\backend\[39mnode_modules\[4m@nestjs\core[24m\router\router-execution-context.js:55:62
    at async [90mC:\Users\yasuy\Documents\githup\cobro\backend\[39mnode_modules\[4m@nestjs\core[24m\router\router-proxy.js:9:17 {
  code: [32m'P2021'[39m,
  meta: {
    modelName: [32m'FrecuenciaPago'[39m,
    table: [32m'public.frecuencia_pago'[39m
  },
  clientVersion: [32m'6.19.3'[39m
}
[31m[Nest] 23276  - [39m17/08/2026, 7:13:48 p. m. [31m  ERROR[39m [38;5;3m[ExceptionsHandler] [39mPrismaClientKnownRequestError: 
Invalid `prisma.$queryRaw()` invocation:


Raw query failed. Code: `42P01`. Message: `relation "cobros.vista_presupuesto_actual" does not exist`
    at ei.handleRequestError [90m(C:\Users\yasuy\Documents\githup\cobro\backend\[39mnode_modules\[4m@prisma\client[24m\src\runtime\RequestHandler.ts:228:13[90m)[39m
    at ei.handleAndLogRequestError [90m(C:\Users\yasuy\Documents\githup\cobro\backend\[39mnode_modules\[4m@prisma\client[24m\src\runtime\RequestHandler.ts:174:12[90m)[39m
    at ei.request [90m(C:\Users\yasuy\Documents\githup\cobro\backend\[39mnode_modules\[4m@prisma\client[24m\src\runtime\RequestHandler.ts:143:12[90m)[39m
    at async a [90m(C:\Users\yasuy\Documents\githup\cobro\backend\[39mnode_modules\[4m@prisma\client[24m\src\runtime\getPrismaClient.ts:833:24[90m)[39m
    at async CobrosService.obtenerPresupuesto [90m(C:\Users\yasuy\Documents\githup\cobro\backend\[39msrc\modules\cobros\cobros.service.ts:944:18[90m)[39m
    at async [90mC:\Users\yasuy\Documents\githup\cobro\backend\[39mnode_modules\[4m@nestjs\core[24m\router\router-execution-context.js:55:62
    at async [90mC:\Users\yasuy\Documents\githup\cobro\backend\[39mnode_modules\[4m@nestjs\core[24m\router\router-proxy.js:9:17 {
  code: [32m'P2010'[39m,
  meta: {
    code: [32m'42P01'[39m,
    message: [32m'relation "cobros.vista_presupuesto_actual" does not exist'[39m
  },
  clientVersion: [32m'6.19.3'[39m
}
Error: Acceso denegado
Error: Acceso denegado
node:child_process:1000
    throw err;
    ^

Error: Command failed: taskkill /pid 28104 /T /F
Error: Acceso denegado

    at genericNodeError (node:internal/errors:985:15)
    at wrappedFn (node:internal/errors:539:14)
    at checkExecSyncError (node:child_process:925:11)
    at execSync (node:child_process:997:15)
    at treeKillSync (C:\Users\yasuy\Documents\githup\cobro\backend\node_modules\@nestjs\cli\lib\utils\tree-kill.js:7:38)
    at C:\Users\yasuy\Documents\githup\cobro\backend\node_modules\@nestjs\cli\actions\start.action.js:92:46
    at Object.onWatchStatusChange (C:\Users\yasuy\Documents\githup\cobro\backend\node_modules\@nestjs\cli\lib\compiler\watch-compiler.js:82:17)
    at C:\Users\yasuy\Documents\githup\cobro\backend\node_modules\typescript\lib\typescript.js:133916:30
    at emitFilesAndReportErrors (C:\Users\yasuy\Documents\githup\cobro\backend\node_modules\typescript\lib\typescript.js:133737:5)
    at result.afterProgramCreate (C:\Users\yasuy\Documents\githup\cobro\backend\node_modules\typescript\lib\typescript.js:133912:5) {
  status: 1,
  signal: null,
  output: [
    null,
    Buffer(0) [Uint8Array] [],
    Buffer(25) [Uint8Array] [
       69, 114, 114, 111, 114,  58,  32,
       65,  99,  99, 101, 115, 111,  32,
      100, 101, 110, 101, 103,  97, 100,
      111,  13,  13,  10
    ]
  ],
  pid: 30840,
  stdout: Buffer(0) [Uint8Array] [],
  stderr: Buffer(25) [Uint8Array] [
     69, 114, 114, 111, 114,  58,  32,
     65,  99,  99, 101, 115, 111,  32,
    100, 101, 110, 101, 103,  97, 100,
    111,  13,  13,  10
  ]
}

Node.js v24.12.0
[31m[Nest] 23276  - [39m17/08/2026, 7:14:47 p. m. [31m  ERROR[39m [38;5;3m[ExceptionsHandler] [39mPrismaClientKnownRequestError: 
Invalid `prisma.$queryRaw()` invocation:


Raw query failed. Code: `42P01`. Message: `relation "cobros.vista_presupuesto_actual" does not exist`
    at ei.handleRequestError [90m(C:\Users\yasuy\Documents\githup\cobro\backend\[39mnode_modules\[4m@prisma\client[24m\src\runtime\RequestHandler.ts:228:13[90m)[39m
    at ei.handleAndLogRequestError [90m(C:\Users\yasuy\Documents\githup\cobro\backend\[39mnode_modules\[4m@prisma\client[24m\src\runtime\RequestHandler.ts:174:12[90m)[39m
    at ei.request [90m(C:\Users\yasuy\Documents\githup\cobro\backend\[39mnode_modules\[4m@prisma\client[24m\src\runtime\RequestHandler.ts:143:12[90m)[39m
    at async a [90m(C:\Users\yasuy\Documents\githup\cobro\backend\[39mnode_modules\[4m@prisma\client[24m\src\runtime\getPrismaClient.ts:833:24[90m)[39m
    at async CobrosService.obtenerPresupuesto [90m(C:\Users\yasuy\Documents\githup\cobro\backend\[39msrc\modules\cobros\cobros.service.ts:944:18[90m)[39m
    at async [90mC:\Users\yasuy\Documents\githup\cobro\backend\[39mnode_modules\[4m@nestjs\core[24m\router\router-execution-context.js:55:62
    at async [90mC:\Users\yasuy\Documents\githup\cobro\backend\[39mnode_modules\[4m@nestjs\core[24m\router\router-proxy.js:9:17 {
  code: [32m'P2010'[39m,
  meta: {
    code: [32m'42P01'[39m,
    message: [32m'relation "cobros.vista_presupuesto_actual" does not exist'[39m
  },
  clientVersion: [32m'6.19.3'[39m
}
[31m[Nest] 23276  - [39m17/08/2026, 7:14:47 p. m. [31m  ERROR[39m [38;5;3m[ExceptionsHandler] [39mPrismaClientKnownRequestError: 
Invalid `prisma.$queryRaw()` invocation:


Raw query failed. Code: `42P01`. Message: `relation "cobros.credito_cuota" does not exist`
    at ei.handleRequestError [90m(C:\Users\yasuy\Documents\githup\cobro\backend\[39mnode_modules\[4m@prisma\client[24m\src\runtime\RequestHandler.ts:228:13[90m)[39m
    at ei.handleAndLogRequestError [90m(C:\Users\yasuy\Documents\githup\cobro\backend\[39mnode_modules\[4m@prisma\client[24m\src\runtime\RequestHandler.ts:174:12[90m)[39m
    at ei.request [90m(C:\Users\yasuy\Documents\githup\cobro\backend\[39mnode_modules\[4m@prisma\client[24m\src\runtime\RequestHandler.ts:143:12[90m)[39m
    at async a [90m(C:\Users\yasuy\Documents\githup\cobro\backend\[39mnode_modules\[4m@prisma\client[24m\src\runtime\getPrismaClient.ts:833:24[90m)[39m
    at async CobrosService.listarCobrosRuta [90m(C:\Users\yasuy\Documents\githup\cobro\backend\[39msrc\modules\cobros\cobros.service.ts:324:18[90m)[39m
    at async [90mC:\Users\yasuy\Documents\githup\cobro\backend\[39mnode_modules\[4m@nestjs\core[24m\router\router-execution-context.js:55:62
    at async [90mC:\Users\yasuy\Documents\githup\cobro\backend\[39mnode_modules\[4m@nestjs\core[24m\router\router-proxy.js:9:17 {
  code: [32m'P2010'[39m,
  meta: {
    code: [32m'42P01'[39m,
    message: [32m'relation "cobros.credito_cuota" does not exist'[39m
  },
  clientVersion: [32m'6.19.3'[39m
}
