[31m[Nest] 31672  - [39m17/08/2026, 7:44:48 p. m. [31m  ERROR[39m [38;5;3m[ExceptionsHandler] [39mPrismaClientKnownRequestError: 
Invalid `prisma.cajaMenor.findMany()` invocation:


Can't reach database server at `localhost:5432`

Please make sure your database server is running at `localhost:5432`.
    at ei.handleRequestError [90m(C:\Users\yasuy\Documents\githup\cobro\backend\[39mnode_modules\[4m@prisma\client[24m\runtime\library.js:121:7268[90m)[39m
    at ei.handleAndLogRequestError [90m(C:\Users\yasuy\Documents\githup\cobro\backend\[39mnode_modules\[4m@prisma\client[24m\runtime\library.js:121:6593[90m)[39m
    at ei.request [90m(C:\Users\yasuy\Documents\githup\cobro\backend\[39mnode_modules\[4m@prisma\client[24m\runtime\library.js:121:6300[90m)[39m
    at async a [90m(C:\Users\yasuy\Documents\githup\cobro\backend\[39mnode_modules\[4m@prisma\client[24m\runtime\library.js:130:9551[90m)[39m
    at async Promise.all (index 6)
    at async CobrosService.obtenerCatalogos [90m(C:\Users\yasuy\Documents\githup\cobro\backend\[39mdist\src\modules\cobros\cobros.service.js:23:126[90m)[39m
    at async [90mC:\Users\yasuy\Documents\githup\cobro\backend\[39mnode_modules\[4m@nestjs\core[24m\router\router-execution-context.js:55:62
    at async [90mC:\Users\yasuy\Documents\githup\cobro\backend\[39mnode_modules\[4m@nestjs\core[24m\router\router-proxy.js:9:17 {
  code: [32m'P1001'[39m,
  meta: {
    modelName: [32m'CajaMenor'[39m,
    database_location: [32m'localhost:5432'[39m
  },
  clientVersion: [32m'6.19.3'[39m
}
[31m[Nest] 31672  - [39m17/08/2026, 9:00:15 p. m. [31m  ERROR[39m [38;5;3m[ExceptionsHandler] [39mPrismaClientKnownRequestError: 
Invalid `prisma.ruta.findMany()` invocation:


Can't reach database server at `localhost:5432`

Please make sure your database server is running at `localhost:5432`.
    at ei.handleRequestError [90m(C:\Users\yasuy\Documents\githup\cobro\backend\[39mnode_modules\[4m@prisma\client[24m\runtime\library.js:121:7268[90m)[39m
    at ei.handleAndLogRequestError [90m(C:\Users\yasuy\Documents\githup\cobro\backend\[39mnode_modules\[4m@prisma\client[24m\runtime\library.js:121:6593[90m)[39m
    at ei.request [90m(C:\Users\yasuy\Documents\githup\cobro\backend\[39mnode_modules\[4m@prisma\client[24m\runtime\library.js:121:6300[90m)[39m
    at async a [90m(C:\Users\yasuy\Documents\githup\cobro\backend\[39mnode_modules\[4m@prisma\client[24m\runtime\library.js:130:9551[90m)[39m
    at async Promise.all (index 5)
    at async CobrosService.obtenerCatalogos [90m(C:\Users\yasuy\Documents\githup\cobro\backend\[39mdist\src\modules\cobros\cobros.service.js:23:126[90m)[39m
    at async [90mC:\Users\yasuy\Documents\githup\cobro\backend\[39mnode_modules\[4m@nestjs\core[24m\router\router-execution-context.js:55:62
    at async [90mC:\Users\yasuy\Documents\githup\cobro\backend\[39mnode_modules\[4m@nestjs\core[24m\router\router-proxy.js:9:17 {
  code: [32m'P1001'[39m,
  meta: {
    modelName: [32m'Ruta'[39m,
    database_location: [32m'localhost:5432'[39m
  },
  clientVersion: [32m'6.19.3'[39m
}
[31m[Nest] 31672  - [39m17/08/2026, 9:02:25 p. m. [31m  ERROR[39m [38;5;3m[ExceptionsHandler] [39mPrismaClientKnownRequestError: 
Invalid `prisma.usuario.findMany()` invocation:


Can't reach database server at `localhost:5432`

Please make sure your database server is running at `localhost:5432`.
    at ei.handleRequestError [90m(C:\Users\yasuy\Documents\githup\cobro\backend\[39mnode_modules\[4m@prisma\client[24m\runtime\library.js:121:7268[90m)[39m
    at ei.handleAndLogRequestError [90m(C:\Users\yasuy\Documents\githup\cobro\backend\[39mnode_modules\[4m@prisma\client[24m\runtime\library.js:121:6593[90m)[39m
    at ei.request [90m(C:\Users\yasuy\Documents\githup\cobro\backend\[39mnode_modules\[4m@prisma\client[24m\runtime\library.js:121:6300[90m)[39m
    at async a [90m(C:\Users\yasuy\Documents\githup\cobro\backend\[39mnode_modules\[4m@prisma\client[24m\runtime\library.js:130:9551[90m)[39m
    at async Promise.all (index 7)
    at async CobrosService.obtenerCatalogos [90m(C:\Users\yasuy\Documents\githup\cobro\backend\[39mdist\src\modules\cobros\cobros.service.js:23:126[90m)[39m
    at async [90mC:\Users\yasuy\Documents\githup\cobro\backend\[39mnode_modules\[4m@nestjs\core[24m\router\router-execution-context.js:55:62
    at async [90mC:\Users\yasuy\Documents\githup\cobro\backend\[39mnode_modules\[4m@nestjs\core[24m\router\router-proxy.js:9:17 {
  code: [32m'P1001'[39m,
  meta: {
    modelName: [32m'Usuario'[39m,
    database_location: [32m'localhost:5432'[39m
  },
  clientVersion: [32m'6.19.3'[39m
}
