
> cobro-backend@0.1.0 start:prod
> node dist/src/main.js

[32m[Nest] 25260  - [39m19/08/2026, 1:43:21 a.m. [32m    LOG[39m [38;5;3m[NestFactory] [39m[32mStarting Nest application...[39m
[32m[Nest] 25260  - [39m19/08/2026, 1:43:21 a.m. [32m    LOG[39m [38;5;3m[InstanceLoader] [39m[32mAppModule dependencies initialized[39m[38;5;3m +31ms[39m
[32m[Nest] 25260  - [39m19/08/2026, 1:43:21 a.m. [32m    LOG[39m [38;5;3m[InstanceLoader] [39m[32mPrismaModule dependencies initialized[39m[38;5;3m +0ms[39m
[32m[Nest] 25260  - [39m19/08/2026, 1:43:21 a.m. [32m    LOG[39m [38;5;3m[InstanceLoader] [39m[32mConfigHostModule dependencies initialized[39m[38;5;3m +12ms[39m
[32m[Nest] 25260  - [39m19/08/2026, 1:43:21 a.m. [32m    LOG[39m [38;5;3m[InstanceLoader] [39m[32mHealthModule dependencies initialized[39m[38;5;3m +1ms[39m
[32m[Nest] 25260  - [39m19/08/2026, 1:43:21 a.m. [32m    LOG[39m [38;5;3m[InstanceLoader] [39m[32mConfigModule dependencies initialized[39m[38;5;3m +1ms[39m
[32m[Nest] 25260  - [39m19/08/2026, 1:43:21 a.m. [32m    LOG[39m [38;5;3m[InstanceLoader] [39m[32mNotificationsModule dependencies initialized[39m[38;5;3m +1ms[39m
[32m[Nest] 25260  - [39m19/08/2026, 1:43:21 a.m. [32m    LOG[39m [38;5;3m[InstanceLoader] [39m[32mAuthModule dependencies initialized[39m[38;5;3m +1ms[39m
[32m[Nest] 25260  - [39m19/08/2026, 1:43:21 a.m. [32m    LOG[39m [38;5;3m[InstanceLoader] [39m[32mCobrosModule dependencies initialized[39m[38;5;3m +0ms[39m
[32m[Nest] 25260  - [39m19/08/2026, 1:43:21 a.m. [32m    LOG[39m [38;5;3m[RoutesResolver] [39m[32mHealthController {/api/v1/health}:[39m[38;5;3m +6ms[39m
[32m[Nest] 25260  - [39m19/08/2026, 1:43:21 a.m. [32m    LOG[39m [38;5;3m[RouterExplorer] [39m[32mMapped {/api/v1/health, GET} route[39m[38;5;3m +4ms[39m
[32m[Nest] 25260  - [39m19/08/2026, 1:43:21 a.m. [32m    LOG[39m [38;5;3m[RoutesResolver] [39m[32mAuthController {/api/v1}:[39m[38;5;3m +0ms[39m
[32m[Nest] 25260  - [39m19/08/2026, 1:43:21 a.m. [32m    LOG[39m [38;5;3m[RouterExplorer] [39m[32mMapped {/api/v1/auth/login, POST} route[39m[38;5;3m +2ms[39m
[32m[Nest] 25260  - [39m19/08/2026, 1:43:21 a.m. [32m    LOG[39m [38;5;3m[RouterExplorer] [39m[32mMapped {/api/v1/auth/bootstrap-admin, POST} route[39m[38;5;3m +0ms[39m
[32m[Nest] 25260  - [39m19/08/2026, 1:43:21 a.m. [32m    LOG[39m [38;5;3m[RouterExplorer] [39m[32mMapped {/api/v1/auth/me, GET} route[39m[38;5;3m +1ms[39m
[32m[Nest] 25260  - [39m19/08/2026, 1:43:21 a.m. [32m    LOG[39m [38;5;3m[RouterExplorer] [39m[32mMapped {/api/v1/usuarios, POST} route[39m[38;5;3m +1ms[39m
[32m[Nest] 25260  - [39m19/08/2026, 1:43:21 a.m. [32m    LOG[39m [38;5;3m[RoutesResolver] [39m[32mCobrosController {/api/v1}:[39m[38;5;3m +0ms[39m
[32m[Nest] 25260  - [39m19/08/2026, 1:43:21 a.m. [32m    LOG[39m [38;5;3m[RouterExplorer] [39m[32mMapped {/api/v1/catalogos, GET} route[39m[38;5;3m +1ms[39m
[32m[Nest] 25260  - [39m19/08/2026, 1:43:21 a.m. [32m    LOG[39m [38;5;3m[RouterExplorer] [39m[32mMapped {/api/v1/clientes, GET} route[39m[38;5;3m +1ms[39m
[32m[Nest] 25260  - [39m19/08/2026, 1:43:21 a.m. [32m    LOG[39m [38;5;3m[RouterExplorer] [39m[32mMapped {/api/v1/clientes, POST} route[39m[38;5;3m +1ms[39m
[32m[Nest] 25260  - [39m19/08/2026, 1:43:21 a.m. [32m    LOG[39m [38;5;3m[RouterExplorer] [39m[32mMapped {/api/v1/rutas, GET} route[39m[38;5;3m +0ms[39m
[32m[Nest] 25260  - [39m19/08/2026, 1:43:21 a.m. [32m    LOG[39m [38;5;3m[RouterExplorer] [39m[32mMapped {/api/v1/cobros/ruta, GET} route[39m[38;5;3m +1ms[39m
[32m[Nest] 25260  - [39m19/08/2026, 1:43:21 a.m. [32m    LOG[39m [38;5;3m[RouterExplorer] [39m[32mMapped {/api/v1/exportaciones/cobros-ruta, GET} route[39m[38;5;3m +0ms[39m
[32m[Nest] 25260  - [39m19/08/2026, 1:43:21 a.m. [32m    LOG[39m [38;5;3m[RouterExplorer] [39m[32mMapped {/api/v1/creditos, POST} route[39m[38;5;3m +1ms[39m
[32m[Nest] 25260  - [39m19/08/2026, 1:43:21 a.m. [32m    LOG[39m [38;5;3m[RouterExplorer] [39m[32mMapped {/api/v1/creditos/:id, GET} route[39m[38;5;3m +1ms[39m
[32m[Nest] 25260  - [39m19/08/2026, 1:43:21 a.m. [32m    LOG[39m [38;5;3m[RouterExplorer] [39m[32mMapped {/api/v1/creditos/:id/cuotas, GET} route[39m[38;5;3m +0ms[39m
[32m[Nest] 25260  - [39m19/08/2026, 1:43:21 a.m. [32m    LOG[39m [38;5;3m[RouterExplorer] [39m[32mMapped {/api/v1/pagos, POST} route[39m[38;5;3m +1ms[39m
[32m[Nest] 25260  - [39m19/08/2026, 1:43:21 a.m. [32m    LOG[39m [38;5;3m[RouterExplorer] [39m[32mMapped {/api/v1/caja-menor/movimientos, GET} route[39m[38;5;3m +0ms[39m
[32m[Nest] 25260  - [39m19/08/2026, 1:43:21 a.m. [32m    LOG[39m [38;5;3m[RouterExplorer] [39m[32mMapped {/api/v1/exportaciones/caja-menor, GET} route[39m[38;5;3m +0ms[39m
[32m[Nest] 25260  - [39m19/08/2026, 1:43:21 a.m. [32m    LOG[39m [38;5;3m[RouterExplorer] [39m[32mMapped {/api/v1/caja-menor/movimientos, POST} route[39m[38;5;3m +1ms[39m
[32m[Nest] 25260  - [39m19/08/2026, 1:43:21 a.m. [32m    LOG[39m [38;5;3m[RouterExplorer] [39m[32mMapped {/api/v1/caja-menor, POST} route[39m[38;5;3m +0ms[39m
[32m[Nest] 25260  - [39m19/08/2026, 1:43:21 a.m. [32m    LOG[39m [38;5;3m[RouterExplorer] [39m[32mMapped {/api/v1/presupuesto, GET} route[39m[38;5;3m +1ms[39m
[32m[Nest] 25260  - [39m19/08/2026, 1:43:21 a.m. [32m    LOG[39m [38;5;3m[RoutesResolver] [39m[32mYcloudWebhookController {/api/v1/webhooks/ycloud}:[39m[38;5;3m +0ms[39m
[32m[Nest] 25260  - [39m19/08/2026, 1:43:21 a.m. [32m    LOG[39m [38;5;3m[RouterExplorer] [39m[32mMapped {/api/v1/webhooks/ycloud, POST} route[39m[38;5;3m +0ms[39m
[32m[Nest] 25260  - [39m19/08/2026, 1:43:22 a.m. [32m    LOG[39m [38;5;3m[NestApplication] [39m[32mNest application successfully started[39m[38;5;3m +813ms[39m
