
> cobro-backend@0.1.0 start:prod
> node dist/src/main.js

[32m[Nest] 31672  - [39m17/08/2026, 7:16:25 p. m. [32m    LOG[39m [38;5;3m[NestFactory] [39m[32mStarting Nest application...[39m
[32m[Nest] 31672  - [39m17/08/2026, 7:16:25 p. m. [32m    LOG[39m [38;5;3m[InstanceLoader] [39m[32mAppModule dependencies initialized[39m[38;5;3m +43ms[39m
[32m[Nest] 31672  - [39m17/08/2026, 7:16:25 p. m. [32m    LOG[39m [38;5;3m[InstanceLoader] [39m[32mPrismaModule dependencies initialized[39m[38;5;3m +5ms[39m
[32m[Nest] 31672  - [39m17/08/2026, 7:16:25 p. m. [32m    LOG[39m [38;5;3m[InstanceLoader] [39m[32mConfigHostModule dependencies initialized[39m[38;5;3m +30ms[39m
[32m[Nest] 31672  - [39m17/08/2026, 7:16:25 p. m. [32m    LOG[39m [38;5;3m[InstanceLoader] [39m[32mHealthModule dependencies initialized[39m[38;5;3m +0ms[39m
[32m[Nest] 31672  - [39m17/08/2026, 7:16:25 p. m. [32m    LOG[39m [38;5;3m[InstanceLoader] [39m[32mConfigModule dependencies initialized[39m[38;5;3m +1ms[39m
[32m[Nest] 31672  - [39m17/08/2026, 7:16:25 p. m. [32m    LOG[39m [38;5;3m[InstanceLoader] [39m[32mCobrosModule dependencies initialized[39m[38;5;3m +0ms[39m
[32m[Nest] 31672  - [39m17/08/2026, 7:16:25 p. m. [32m    LOG[39m [38;5;3m[RoutesResolver] [39m[32mHealthController {/api/v1/health}:[39m[38;5;3m +11ms[39m
[32m[Nest] 31672  - [39m17/08/2026, 7:16:25 p. m. [32m    LOG[39m [38;5;3m[RouterExplorer] [39m[32mMapped {/api/v1/health, GET} route[39m[38;5;3m +5ms[39m
[32m[Nest] 31672  - [39m17/08/2026, 7:16:25 p. m. [32m    LOG[39m [38;5;3m[RoutesResolver] [39m[32mCobrosController {/api/v1}:[39m[38;5;3m +0ms[39m
[32m[Nest] 31672  - [39m17/08/2026, 7:16:25 p. m. [32m    LOG[39m [38;5;3m[RouterExplorer] [39m[32mMapped {/api/v1/catalogos, GET} route[39m[38;5;3m +1ms[39m
[32m[Nest] 31672  - [39m17/08/2026, 7:16:25 p. m. [32m    LOG[39m [38;5;3m[RouterExplorer] [39m[32mMapped {/api/v1/clientes, GET} route[39m[38;5;3m +1ms[39m
[32m[Nest] 31672  - [39m17/08/2026, 7:16:25 p. m. [32m    LOG[39m [38;5;3m[RouterExplorer] [39m[32mMapped {/api/v1/clientes, POST} route[39m[38;5;3m +1ms[39m
[32m[Nest] 31672  - [39m17/08/2026, 7:16:25 p. m. [32m    LOG[39m [38;5;3m[RouterExplorer] [39m[32mMapped {/api/v1/rutas, GET} route[39m[38;5;3m +1ms[39m
[32m[Nest] 31672  - [39m17/08/2026, 7:16:25 p. m. [32m    LOG[39m [38;5;3m[RouterExplorer] [39m[32mMapped {/api/v1/cobros/ruta, GET} route[39m[38;5;3m +1ms[39m
[32m[Nest] 31672  - [39m17/08/2026, 7:16:25 p. m. [32m    LOG[39m [38;5;3m[RouterExplorer] [39m[32mMapped {/api/v1/creditos, POST} route[39m[38;5;3m +1ms[39m
[32m[Nest] 31672  - [39m17/08/2026, 7:16:25 p. m. [32m    LOG[39m [38;5;3m[RouterExplorer] [39m[32mMapped {/api/v1/creditos/:id, GET} route[39m[38;5;3m +1ms[39m
[32m[Nest] 31672  - [39m17/08/2026, 7:16:25 p. m. [32m    LOG[39m [38;5;3m[RouterExplorer] [39m[32mMapped {/api/v1/creditos/:id/cuotas, GET} route[39m[38;5;3m +1ms[39m
[32m[Nest] 31672  - [39m17/08/2026, 7:16:25 p. m. [32m    LOG[39m [38;5;3m[RouterExplorer] [39m[32mMapped {/api/v1/pagos, POST} route[39m[38;5;3m +1ms[39m
[32m[Nest] 31672  - [39m17/08/2026, 7:16:25 p. m. [32m    LOG[39m [38;5;3m[RouterExplorer] [39m[32mMapped {/api/v1/caja-menor/movimientos, GET} route[39m[38;5;3m +1ms[39m
[32m[Nest] 31672  - [39m17/08/2026, 7:16:25 p. m. [32m    LOG[39m [38;5;3m[RouterExplorer] [39m[32mMapped {/api/v1/caja-menor/movimientos, POST} route[39m[38;5;3m +2ms[39m
[32m[Nest] 31672  - [39m17/08/2026, 7:16:25 p. m. [32m    LOG[39m [38;5;3m[RouterExplorer] [39m[32mMapped {/api/v1/presupuesto, GET} route[39m[38;5;3m +0ms[39m
[32m[Nest] 31672  - [39m17/08/2026, 7:16:25 p. m. [32m    LOG[39m [38;5;3m[NestApplication] [39m[32mNest application successfully started[39m[38;5;3m +44ms[39m
